2025-10-08 19:46:27 - === submit_license.php called ===
2025-10-08 19:46:27 - PHP ini: upload_max_filesize=32M, post_max_size=8M, file_uploads=1
2025-10-08 19:46:27 - Inserted license_requests id=2
2025-10-08 19:46:27 - FILES licenseFiles present: {"count":1,"errors":[0]}
2025-10-08 19:46:27 - Upload base path: /Applications/MAMP/htdocs/ClearMyRide_NEW/assets/app/../../uploads/license/2/
2025-10-08 19:46:27 - Created upload dir /Applications/MAMP/htdocs/ClearMyRide_NEW/assets/app/../../uploads/license/2/
2025-10-08 19:46:27 - Processing file index 0 name=_ (7).jpeg error=0
2025-10-08 19:46:27 - tmp=/Applications/MAMP/tmp/php/phpdrUDqe size=40928 mime=image/jpeg
2025-10-08 19:46:27 - move_uploaded_file succeeded for _ (7).jpeg -> /Applications/MAMP/htdocs/ClearMyRide_NEW/assets/app/../../uploads/license/2/1759952787____7_.jpeg
2025-10-08 19:46:27 - Inserted attachment record for file _ (7).jpeg, attachment id=1
2025-10-08 19:46:27 - Transaction committed for license_requests id=2
2025-10-08 19:55:42 - === submit_license.php called ===
2025-10-08 20:11:08 - === submit_license.php called ===
2025-10-08 20:13:40 - === submit_vehicle.php called ===
2025-10-08 20:13:40 - _SERVER: {"REQUEST_METHOD":"POST","REQUEST_URI":"\/ClearMyRide_NEW\/assets\/app\/submit_vehicle.php"}
2025-10-08 20:13:40 - PHP ini: upload_max_filesize=32M, post_max_size=8M, file_uploads=1
2025-10-08 20:13:40 - Inserted vehicle_requests id=7
2025-10-08 20:13:40 - FILES vehicleFiles present: {"count":1,"errors":[4]}
2025-10-08 20:13:40 - Upload base path: /Applications/MAMP/htdocs/ClearMyRide_NEW/assets/app/../../uploads/vehicle/7/
2025-10-08 20:13:40 - Created upload dir /Applications/MAMP/htdocs/ClearMyRide_NEW/assets/app/../../uploads/vehicle/7/
2025-10-08 20:13:40 - Processing file index 0 name= error=4
2025-10-08 20:13:40 - Skipping file () - php upload error: UPLOAD_ERR_NO_FILE
2025-10-08 20:13:40 - Transaction committed for vehicle_requests id=7
2025-10-08 20:14:29 - === submit_license.php called ===
2025-10-08 20:14:29 - PHP ini: upload_max_filesize=32M, post_max_size=8M, file_uploads=1
2025-10-08 20:14:29 - Inserted license_requests id=3
2025-10-08 20:14:29 - FILES licenseFiles present: {"count":1,"errors":[0]}
2025-10-08 20:14:29 - Upload base path: /Applications/MAMP/htdocs/ClearMyRide_NEW/assets/app/../../uploads/license/3/
2025-10-08 20:14:29 - Created upload dir /Applications/MAMP/htdocs/ClearMyRide_NEW/assets/app/../../uploads/license/3/
2025-10-08 20:14:29 - Processing file index 0 name=Online Exam App Dashboard - Exam Page.jpeg error=0
2025-10-08 20:14:29 - tmp=/Applications/MAMP/tmp/php/phpGHWHRt size=11848 mime=image/jpeg
2025-10-08 20:14:29 - move_uploaded_file succeeded for Online Exam App Dashboard - Exam Page.jpeg -> /Applications/MAMP/htdocs/ClearMyRide_NEW/assets/app/../../uploads/license/3/1759954469_Online_Exam_App_Dashboard_-_Exam_Page.jpeg
2025-10-08 20:14:29 - Inserted attachment record for file Online Exam App Dashboard - Exam Page.jpeg, attachment id=2
2025-10-08 20:14:29 - Transaction committed for license_requests id=3
2025-10-10 17:55:18 - === submit_vehicle.php called ===
2025-10-10 17:55:18 - _SERVER: {"REQUEST_METHOD":"POST","REQUEST_URI":"\/ClearMyRide_NEW\/assets\/app\/submit_vehicle.php"}
2025-10-10 17:55:18 - Consent not given
2025-10-10 17:57:31 - === submit_vehicle.php called ===
2025-10-10 17:57:31 - _SERVER: {"REQUEST_METHOD":"POST","REQUEST_URI":"\/ClearMyRide_NEW\/assets\/app\/submit_vehicle.php"}
2025-10-10 17:57:31 - PHP ini: upload_max_filesize=32M, post_max_size=8M, file_uploads=1
2025-10-10 17:57:31 - Inserted vehicle_requests id=8
2025-10-10 17:57:31 - FILES vehicleFiles present: {"count":1,"errors":[4]}
2025-10-10 17:57:31 - Upload base path: /Applications/MAMP/htdocs/ClearMyRide_NEW/assets/app/../../uploads/vehicle/8/
2025-10-10 17:57:31 - Created upload dir /Applications/MAMP/htdocs/ClearMyRide_NEW/assets/app/../../uploads/vehicle/8/
2025-10-10 17:57:31 - Processing file index 0 name= error=4
2025-10-10 17:57:31 - Skipping file () - php upload error: UPLOAD_ERR_NO_FILE
2025-10-10 17:57:31 - Transaction committed for vehicle_requests id=8
2025-10-10 17:57:54 - === submit_vehicle.php called ===
2025-10-10 17:57:54 - _SERVER: {"REQUEST_METHOD":"POST","REQUEST_URI":"\/ClearMyRide_NEW\/assets\/app\/submit_vehicle.php"}
2025-10-10 17:57:54 - PHP ini: upload_max_filesize=32M, post_max_size=8M, file_uploads=1
2025-10-10 17:57:54 - Inserted vehicle_requests id=9
2025-10-10 17:57:54 - FILES vehicleFiles present: {"count":1,"errors":[0]}
2025-10-10 17:57:54 - Upload base path: /Applications/MAMP/htdocs/ClearMyRide_NEW/assets/app/../../uploads/vehicle/9/
2025-10-10 17:57:54 - Created upload dir /Applications/MAMP/htdocs/ClearMyRide_NEW/assets/app/../../uploads/vehicle/9/
2025-10-10 17:57:54 - Processing file index 0 name=file-sample_150kB.pdf error=0
2025-10-10 17:57:54 - tmp=/Applications/MAMP/tmp/php/phpvqfco1 size=142786 mime=application/pdf
2025-10-10 17:57:54 - move_uploaded_file succeeded for file-sample_150kB.pdf -> /Applications/MAMP/htdocs/ClearMyRide_NEW/assets/app/../../uploads/vehicle/9/1760119074_file-sample_150kB.pdf
2025-10-10 17:57:54 - Inserted attachment record for file file-sample_150kB.pdf, attachment id=3
2025-10-10 17:57:54 - Transaction committed for vehicle_requests id=9
2025-10-10 18:06:38 - === submit_vehicle.php called ===
2025-10-10 18:06:38 - _SERVER: {"REQUEST_METHOD":"POST","REQUEST_URI":"\/ClearMyRide_NEW\/assets\/app\/submit_vehicle.php"}
2025-10-10 18:06:38 - FILES vehicleFiles present: count=1, errors=[4]
2025-10-10 18:06:38 - Validation errors: {"phone":"Please enter a valid phone number (7-15 digits).","vin":"Please enter a valid VIN (alphanumeric)."}
2025-10-10 18:08:55 - === submit_license.php called ===
2025-10-10 18:08:55 - PHP ini: upload_max_filesize=32M, post_max_size=8M, file_uploads=1
2025-10-10 18:08:55 - Inserted license_requests id=4
2025-10-10 18:08:55 - FILES licenseFiles present: {"count":1,"errors":[4]}
2025-10-10 18:08:55 - Upload base path: /Applications/MAMP/htdocs/ClearMyRide_NEW/assets/app/../../uploads/license/4/
2025-10-10 18:08:55 - Created upload dir /Applications/MAMP/htdocs/ClearMyRide_NEW/assets/app/../../uploads/license/4/
2025-10-10 18:08:55 - Processing file index 0 name= error=4
2025-10-10 18:08:55 - Skipping file () - php upload error: UPLOAD_ERR_NO_FILE
2025-10-10 18:08:55 - Transaction committed for license_requests id=4
2025-10-11 06:27:27 - === submit_vehicle.php called ===
2025-10-11 06:27:27 - _SERVER: {"REQUEST_METHOD":"POST","REQUEST_URI":"\/ClearMyRide_NEW\/assets\/app\/submit_vehicle.php"}
2025-10-11 06:27:27 - PHP ini: upload_max_filesize=32M, post_max_size=8M, file_uploads=1
2025-10-11 06:27:27 - Inserted vehicle_requests id=10
2025-10-11 06:27:27 - FILES vehicleFiles present: {"count":2,"errors":[0,0]}
2025-10-11 06:27:27 - Upload base path: /Applications/MAMP/htdocs/ClearMyRide_NEW/assets/app/../../uploads/vehicle/10/
2025-10-11 06:27:27 - Created upload dir /Applications/MAMP/htdocs/ClearMyRide_NEW/assets/app/../../uploads/vehicle/10/
2025-10-11 06:27:27 - Processing file index 0 name=file-sample_150kB.pdf error=0
2025-10-11 06:27:27 - tmp=/Applications/MAMP/tmp/php/phpYSmttJ size=142786 mime=application/pdf
2025-10-11 06:27:27 - move_uploaded_file succeeded for file-sample_150kB.pdf -> /Applications/MAMP/htdocs/ClearMyRide_NEW/assets/app/../../uploads/vehicle/10/1760164047_file-sample_150kB.pdf
2025-10-11 06:27:27 - Inserted attachment record for file file-sample_150kB.pdf, attachment id=4
2025-10-11 06:27:27 - Processing file index 1 name=roads_transportation_beltway_I95_495_cars_traffic.jpg error=0
2025-10-11 06:27:27 - tmp=/Applications/MAMP/tmp/php/phpItgApD size=121271 mime=image/jpeg
2025-10-11 06:27:27 - move_uploaded_file succeeded for roads_transportation_beltway_I95_495_cars_traffic.jpg -> /Applications/MAMP/htdocs/ClearMyRide_NEW/assets/app/../../uploads/vehicle/10/1760164047_roads_transportation_beltway_I95_495_cars_traffic.jpg
2025-10-11 06:27:27 - Inserted attachment record for file roads_transportation_beltway_I95_495_cars_traffic.jpg, attachment id=5
2025-10-11 06:27:27 - Transaction committed for vehicle_requests id=10
2025-10-11 06:28:59 - === submit_license.php called ===
2025-10-11 06:28:59 - PHP ini: upload_max_filesize=32M, post_max_size=8M, file_uploads=1
2025-10-11 06:28:59 - Inserted license_requests id=5
2025-10-11 06:28:59 - FILES licenseFiles present: {"count":2,"errors":[0,0]}
2025-10-11 06:28:59 - Upload base path: /Applications/MAMP/htdocs/ClearMyRide_NEW/assets/app/../../uploads/license/5/
2025-10-11 06:28:59 - Created upload dir /Applications/MAMP/htdocs/ClearMyRide_NEW/assets/app/../../uploads/license/5/
2025-10-11 06:28:59 - Processing file index 0 name=file-sample_150kB.pdf error=0
2025-10-11 06:28:59 - tmp=/Applications/MAMP/tmp/php/phpHazB8C size=142786 mime=application/pdf
2025-10-11 06:28:59 - move_uploaded_file succeeded for file-sample_150kB.pdf -> /Applications/MAMP/htdocs/ClearMyRide_NEW/assets/app/../../uploads/license/5/1760164139_file-sample_150kB.pdf
2025-10-11 06:28:59 - Inserted attachment record for file file-sample_150kB.pdf, attachment id=6
2025-10-11 06:28:59 - Processing file index 1 name=roads_transportation_beltway_I95_495_cars_traffic.jpg error=0
2025-10-11 06:28:59 - tmp=/Applications/MAMP/tmp/php/phpu7RPF0 size=121271 mime=image/jpeg
2025-10-11 06:28:59 - move_uploaded_file succeeded for roads_transportation_beltway_I95_495_cars_traffic.jpg -> /Applications/MAMP/htdocs/ClearMyRide_NEW/assets/app/../../uploads/license/5/1760164139_roads_transportation_beltway_I95_495_cars_traffic.jpg
2025-10-11 06:28:59 - Inserted attachment record for file roads_transportation_beltway_I95_495_cars_traffic.jpg, attachment id=7
2025-10-11 06:28:59 - Transaction committed for license_requests id=5
2025-10-11 06:37:48 - === submit_vehicle.php called ===
2025-10-11 06:37:48 - _SERVER: {"REQUEST_METHOD":"POST","REQUEST_URI":"\/ClearMyRide_NEW\/assets\/app\/submit_vehicle.php"}
2025-10-11 06:37:48 - Plate failed Maryland format check: 812
2025-10-11 17:22:46 - === submit_vehicle.php called ===
2025-10-11 17:22:46 - _SERVER: {"REQUEST_METHOD":"POST","REQUEST_URI":"\/ClearMyRide_NEW\/assets\/app\/submit_vehicle.php"}
2025-10-11 17:22:46 - PHP ini: upload_max_filesize=32M, post_max_size=8M, file_uploads=1
2025-10-11 17:22:46 - Inserted vehicle_requests id=12
2025-10-11 17:22:46 - FILES vehicleFiles present: {"count":1,"errors":[0]}
2025-10-11 17:22:46 - Upload base path: /Applications/MAMP/htdocs/ClearMyRide_NEW/assets/app/../../uploads/vehicle/12/
2025-10-11 17:22:46 - Created upload dir /Applications/MAMP/htdocs/ClearMyRide_NEW/assets/app/../../uploads/vehicle/12/
2025-10-11 17:22:46 - Processing file index 0 name=file-sample_150kB (6).pdf error=0
2025-10-11 17:22:46 - tmp=/Applications/MAMP/tmp/php/phptsMDAx size=142786 mime=application/pdf
2025-10-11 17:22:46 - move_uploaded_file succeeded for file-sample_150kB (6).pdf -> /Applications/MAMP/htdocs/ClearMyRide_NEW/assets/app/../../uploads/vehicle/12/1760203366_file-sample_150kB__6_.pdf
2025-10-11 17:22:46 - Inserted attachment record for file file-sample_150kB (6).pdf, attachment id=8
2025-10-11 17:22:46 - Transaction committed for vehicle_requests id=12
2025-10-11 19:45:44 - === submit_vehicle.php called ===
2025-10-11 19:45:44 - _SERVER: {"REQUEST_METHOD":"POST","REQUEST_URI":"\/ClearMyRide_NEW\/assets\/app\/submit_vehicle.php"}
2025-10-11 19:45:44 - PHP ini: upload_max_filesize=32M, post_max_size=8M, file_uploads=1
2025-10-11 19:45:44 - Inserted vehicle_requests id=13
2025-10-11 19:45:44 - FILES vehicleFiles present: {"count":3,"errors":[0,0,0]}
2025-10-11 19:45:44 - Upload base path: /Applications/MAMP/htdocs/ClearMyRide_NEW/assets/app/../../uploads/vehicle/13/
2025-10-11 19:45:44 - Created upload dir /Applications/MAMP/htdocs/ClearMyRide_NEW/assets/app/../../uploads/vehicle/13/
2025-10-11 19:45:44 - Processing file index 0 name=file-sample_150kB (8).pdf error=0
2025-10-11 19:45:44 - tmp=/Applications/MAMP/tmp/php/phpU6W7g4 size=142786 mime=application/pdf
2025-10-11 19:45:44 - move_uploaded_file succeeded for file-sample_150kB (8).pdf -> /Applications/MAMP/htdocs/ClearMyRide_NEW/assets/app/../../uploads/vehicle/13/1760211944_file-sample_150kB__8_.pdf
2025-10-11 19:45:44 - Inserted attachment record for file file-sample_150kB (8).pdf, attachment id=9
2025-10-11 19:45:44 - Processing file index 1 name=roads_transportation_beltway_I95_495_cars_traffic (1).jpg error=0
2025-10-11 19:45:44 - tmp=/Applications/MAMP/tmp/php/phpVv4F6r size=121271 mime=image/jpeg
2025-10-11 19:45:44 - move_uploaded_file succeeded for roads_transportation_beltway_I95_495_cars_traffic (1).jpg -> /Applications/MAMP/htdocs/ClearMyRide_NEW/assets/app/../../uploads/vehicle/13/1760211944_roads_transportation_beltway_I95_495_cars_traffic__1_.jpg
2025-10-11 19:45:44 - Inserted attachment record for file roads_transportation_beltway_I95_495_cars_traffic (1).jpg, attachment id=10
2025-10-11 19:45:44 - Processing file index 2 name=2024-maryland-license-plates-pair-for-sale-1fa5090.jpg error=0
2025-10-11 19:45:44 - tmp=/Applications/MAMP/tmp/php/phpQ7QR58 size=262002 mime=image/jpeg
2025-10-11 19:45:44 - move_uploaded_file succeeded for 2024-maryland-license-plates-pair-for-sale-1fa5090.jpg -> /Applications/MAMP/htdocs/ClearMyRide_NEW/assets/app/../../uploads/vehicle/13/1760211944_2024-maryland-license-plates-pair-for-sale-1fa5090.jpg
2025-10-11 19:45:44 - Inserted attachment record for file 2024-maryland-license-plates-pair-for-sale-1fa5090.jpg, attachment id=11
2025-10-11 19:45:44 - Transaction committed for vehicle_requests id=13
2025-10-11 19:47:06 - === submit_vehicle.php called ===
2025-10-11 19:47:06 - _SERVER: {"REQUEST_METHOD":"POST","REQUEST_URI":"\/ClearMyRide_NEW\/assets\/app\/submit_vehicle.php"}
2025-10-11 19:47:06 - CSRF failed. POST token: [none] SESSION token: fb979fe1f052e975b400882e311b35bab2f8ce3653329a46d3643f06ffd06dd7
2025-10-11 19:47:44 - === submit_vehicle.php called ===
2025-10-11 19:47:44 - _SERVER: {"REQUEST_METHOD":"POST","REQUEST_URI":"\/ClearMyRide_NEW\/assets\/app\/submit_vehicle.php"}
2025-10-11 19:47:44 - PHP ini: upload_max_filesize=32M, post_max_size=8M, file_uploads=1
2025-10-11 19:47:44 - Inserted vehicle_requests id=14
2025-10-11 19:47:44 - FILES vehicleFiles present: {"count":2,"errors":[0,0]}
2025-10-11 19:47:44 - Upload base path: /Applications/MAMP/htdocs/ClearMyRide_NEW/assets/app/../../uploads/vehicle/14/
2025-10-11 19:47:44 - Created upload dir /Applications/MAMP/htdocs/ClearMyRide_NEW/assets/app/../../uploads/vehicle/14/
2025-10-11 19:47:44 - Processing file index 0 name=file-sample_150kB (6).pdf error=0
2025-10-11 19:47:44 - tmp=/Applications/MAMP/tmp/php/phpUnbx6A size=142786 mime=application/pdf
2025-10-11 19:47:44 - move_uploaded_file succeeded for file-sample_150kB (6).pdf -> /Applications/MAMP/htdocs/ClearMyRide_NEW/assets/app/../../uploads/vehicle/14/1760212064_file-sample_150kB__6_.pdf
2025-10-11 19:47:44 - Inserted attachment record for file file-sample_150kB (6).pdf, attachment id=12
2025-10-11 19:47:44 - Processing file index 1 name=2024-maryland-license-plates-pair-for-sale-1fa5090.jpg error=0
2025-10-11 19:47:44 - tmp=/Applications/MAMP/tmp/php/phpaBzxcr size=262002 mime=image/jpeg
2025-10-11 19:47:44 - move_uploaded_file succeeded for 2024-maryland-license-plates-pair-for-sale-1fa5090.jpg -> /Applications/MAMP/htdocs/ClearMyRide_NEW/assets/app/../../uploads/vehicle/14/1760212064_2024-maryland-license-plates-pair-for-sale-1fa5090.jpg
2025-10-11 19:47:44 - Inserted attachment record for file 2024-maryland-license-plates-pair-for-sale-1fa5090.jpg, attachment id=13
2025-10-11 19:47:44 - Transaction committed for vehicle_requests id=14
2025-10-13 20:15:31 - === submit_vehicle.php called ===
2025-10-13 20:15:31 - _SERVER: {"REQUEST_METHOD":"POST","REQUEST_URI":"\/ClearMyRide_NEW\/assets\/app\/submit_vehicle.php"}
2025-10-13 20:15:31 - PHP ini: upload_max_filesize=32M, post_max_size=8M, file_uploads=1
2025-10-13 20:15:31 - Inserted vehicle_requests id=15
2025-10-13 20:15:31 - FILES vehicleFiles present: {"count":2,"errors":[0,0]}
2025-10-13 20:15:31 - Upload base path: /Applications/MAMP/htdocs/ClearMyRide_NEW/assets/app/../../uploads/vehicle/15/
2025-10-13 20:15:31 - Created upload dir /Applications/MAMP/htdocs/ClearMyRide_NEW/assets/app/../../uploads/vehicle/15/
2025-10-13 20:15:31 - Processing file index 0 name=_ (7).jpeg error=0
2025-10-13 20:15:31 - tmp=/Applications/MAMP/tmp/php/phpohQsP4 size=40928 mime=image/jpeg
2025-10-13 20:15:31 - move_uploaded_file succeeded for _ (7).jpeg -> /Applications/MAMP/htdocs/ClearMyRide_NEW/assets/app/../../uploads/vehicle/15/1760386531____7_.jpeg
2025-10-13 20:15:31 - Inserted attachment record for file _ (7).jpeg, attachment id=14
2025-10-13 20:15:31 - Processing file index 1 name=file-sample_150kB (5).pdf error=0
2025-10-13 20:15:31 - tmp=/Applications/MAMP/tmp/php/phpj6Zq06 size=142786 mime=application/pdf
2025-10-13 20:15:31 - move_uploaded_file succeeded for file-sample_150kB (5).pdf -> /Applications/MAMP/htdocs/ClearMyRide_NEW/assets/app/../../uploads/vehicle/15/1760386531_file-sample_150kB__5_.pdf
2025-10-13 20:15:31 - Inserted attachment record for file file-sample_150kB (5).pdf, attachment id=15
2025-10-13 20:15:31 - Transaction committed for vehicle_requests id=15
2025-10-14 17:39:31 - === submit_vehicle.php called ===
2025-10-14 17:39:31 - _SERVER: {"REQUEST_METHOD":"POST","REQUEST_URI":"\/ClearMyRide_NEW\/assets\/app\/submit_vehicle.php"}
2025-10-14 17:39:31 - PHP ini: upload_max_filesize=32M, post_max_size=8M, file_uploads=1
2025-10-14 17:39:31 - Inserted vehicle_requests id=16
2025-10-14 17:39:31 - FILES vehicleFiles present: {"count":2,"errors":[0,0]}
2025-10-14 17:39:31 - Upload base path: /Applications/MAMP/htdocs/ClearMyRide_NEW/assets/app/../../uploads/vehicle/16/
2025-10-14 17:39:31 - Created upload dir /Applications/MAMP/htdocs/ClearMyRide_NEW/assets/app/../../uploads/vehicle/16/
2025-10-14 17:39:31 - Processing file index 0 name=file-sample_150kB (5) (1).pdf error=0
2025-10-14 17:39:31 - tmp=/Applications/MAMP/tmp/php/phpi2h4of size=142786 mime=application/pdf
2025-10-14 17:39:31 - move_uploaded_file succeeded for file-sample_150kB (5) (1).pdf -> /Applications/MAMP/htdocs/ClearMyRide_NEW/assets/app/../../uploads/vehicle/16/1760463571_file-sample_150kB__5___1_.pdf
2025-10-14 17:39:31 - Inserted attachment record for file file-sample_150kB (5) (1).pdf, attachment id=16
2025-10-14 17:39:31 - Processing file index 1 name=_ (7).jpeg error=0
2025-10-14 17:39:31 - tmp=/Applications/MAMP/tmp/php/phpIC7cif size=40928 mime=image/jpeg
2025-10-14 17:39:31 - move_uploaded_file succeeded for _ (7).jpeg -> /Applications/MAMP/htdocs/ClearMyRide_NEW/assets/app/../../uploads/vehicle/16/1760463571____7_.jpeg
2025-10-14 17:39:31 - Inserted attachment record for file _ (7).jpeg, attachment id=17
2025-10-14 17:39:31 - Transaction committed for vehicle_requests id=16
2025-10-16 04:42:26 - === submit_vehicle.php called ===
2025-10-16 04:42:26 - _SERVER: {"REQUEST_METHOD":"POST","REQUEST_URI":"\/ClearMyRide_NEW\/assets\/app\/submit_vehicle.php"}
2025-10-16 04:42:26 - PHP ini: upload_max_filesize=32M, post_max_size=8M, file_uploads=1
2025-10-16 04:42:26 - Inserted vehicle_requests id=17
2025-10-16 04:42:26 - FILES vehicleFiles present: {"count":1,"errors":[4]}
2025-10-16 04:42:26 - Upload base path: /Applications/MAMP/htdocs/ClearMyRide_NEW/assets/app/../../uploads/vehicle/17/
2025-10-16 04:42:26 - Created upload dir /Applications/MAMP/htdocs/ClearMyRide_NEW/assets/app/../../uploads/vehicle/17/
2025-10-16 04:42:26 - Processing file index 0 name= error=4
2025-10-16 04:42:26 - Skipping file () - php upload error: UPLOAD_ERR_NO_FILE
2025-10-16 04:42:26 - Transaction committed for vehicle_requests id=17
2025-10-16 04:42:31 - send_mail success to divineojo12345@gmail.com subject=New ClearMyRide request #17 — Sloane Rasmussen
2025-10-16 04:42:35 - send_mail success to divineojo12345@gmail.com subject=Welcome to ClearMyRide — You’re Early to the Future of Tag Renewals
2025-10-16 04:42:35 - Admin email sent? yes
2025-10-16 04:42:35 - Client email sent? yes
2025-10-16 04:47:59 - === submit_license.php called ===
2025-10-16 04:47:59 - PHP ini: upload_max_filesize=32M, post_max_size=8M, file_uploads=1
2025-10-16 04:47:59 - Inserted license_requests id=6
2025-10-16 04:47:59 - FILES licenseFiles present: {"count":1,"errors":[4]}
2025-10-16 04:47:59 - Upload base path: /Applications/MAMP/htdocs/ClearMyRide_NEW/assets/app/../../uploads/license/6/
2025-10-16 04:47:59 - Created upload dir /Applications/MAMP/htdocs/ClearMyRide_NEW/assets/app/../../uploads/license/6/
2025-10-16 04:47:59 - Processing file index 0 name= error=4
2025-10-16 04:47:59 - Skipping file () - php upload error: UPLOAD_ERR_NO_FILE
2025-10-16 04:47:59 - Transaction committed for license_requests id=6
2025-10-16 04:48:04 - send_mail success to divineojo12345@gmail.com subject=New ClearMyRide LICENSE request #6 — Aladdin Johnson
2025-10-16 04:48:09 - send_mail success to divineojo12345@gmail.com subject=Welcome to ClearMyRide — You’re Early to the Future of License Renewals
2025-10-16 04:48:09 - Admin email sent? yes
2025-10-16 04:48:09 - Client email sent? yes
2025-10-16 04:58:43 - === submit_license.php called ===
2025-10-16 04:58:43 - PHP ini: upload_max_filesize=32M, post_max_size=8M, file_uploads=1
2025-10-16 04:58:43 - Inserted license_requests id=7
2025-10-16 04:58:43 - FILES licenseFiles present: {"count":1,"errors":[4]}
2025-10-16 04:58:43 - Upload base path: /Applications/MAMP/htdocs/ClearMyRide_NEW/assets/app/../../uploads/license/7/
2025-10-16 04:58:43 - Created upload dir /Applications/MAMP/htdocs/ClearMyRide_NEW/assets/app/../../uploads/license/7/
2025-10-16 04:58:43 - Processing file index 0 name= error=4
2025-10-16 04:58:43 - Skipping file () - php upload error: UPLOAD_ERR_NO_FILE
2025-10-16 04:58:43 - Transaction committed for license_requests id=7
2025-10-16 04:58:47 - send_mail success to divineojo12345@gmail.com subject=New ClearMyRide LICENSE request #7 — Macy Thompson
2025-10-16 04:58:50 - send_mail success to divineojo12345@gmail.com subject=Welcome to ClearMyRide — You’re Early to the Future of License Renewals
2025-10-16 04:58:50 - Admin email sent? yes
2025-10-16 04:58:50 - Client email sent? yes
2025-10-16 05:00:36 - === submit_license.php called ===
2025-10-16 05:00:36 - PHP ini: upload_max_filesize=32M, post_max_size=8M, file_uploads=1
2025-10-16 05:00:36 - Inserted license_requests id=8
2025-10-16 05:00:36 - FILES licenseFiles present: {"count":1,"errors":[4]}
2025-10-16 05:00:36 - Upload base path: /Applications/MAMP/htdocs/ClearMyRide_NEW/assets/app/../../uploads/license/8/
2025-10-16 05:00:36 - Created upload dir /Applications/MAMP/htdocs/ClearMyRide_NEW/assets/app/../../uploads/license/8/
2025-10-16 05:00:36 - Processing file index 0 name= error=4
2025-10-16 05:00:36 - Skipping file () - php upload error: UPLOAD_ERR_NO_FILE
2025-10-16 05:00:36 - Transaction committed for license_requests id=8
2025-10-16 05:00:39 - send_mail success to divineojo12345@gmail.com subject=New ClearMyRide LICENSE request — Inez Dunlap
2025-10-16 05:00:43 - send_mail success to divineojo12345@gmail.com subject=Welcome to ClearMyRide — You’re Early to the Future of License Renewals
2025-10-16 05:00:43 - Admin email sent? yes
2025-10-16 05:00:43 - Client email sent? yes
2025-10-16 05:05:09 - === submit_vehicle.php called ===
2025-10-16 05:05:09 - _SERVER: {"REQUEST_METHOD":"POST","REQUEST_URI":"\/ClearMyRide_NEW\/assets\/app\/submit_vehicle.php"}
2025-10-16 05:05:09 - PHP ini: upload_max_filesize=32M, post_max_size=8M, file_uploads=1
2025-10-16 05:05:09 - Inserted vehicle_requests id=18
2025-10-16 05:05:09 - FILES vehicleFiles present: {"count":1,"errors":[4]}
2025-10-16 05:05:09 - Upload base path: /Applications/MAMP/htdocs/ClearMyRide_NEW/assets/app/../../uploads/vehicle/18/
2025-10-16 05:05:09 - Created upload dir /Applications/MAMP/htdocs/ClearMyRide_NEW/assets/app/../../uploads/vehicle/18/
2025-10-16 05:05:09 - Processing file index 0 name= error=4
2025-10-16 05:05:09 - Skipping file () - php upload error: UPLOAD_ERR_NO_FILE
2025-10-16 05:05:09 - Transaction committed for vehicle_requests id=18
2025-10-16 05:05:18 - send_mail success to support@clearmyride.com subject=New ClearMyRide VEHICLE request — Meredith Rich
2025-10-16 05:05:26 - send_mail success to divineojo12345@gmail.com subject=Welcome to ClearMyRide — You’re Early to the Future of Tag Renewals
2025-10-16 05:05:26 - Admin email sent? yes
2025-10-16 05:05:26 - Client email sent? yes
2025-10-16 05:07:42 - === submit_vehicle.php called ===
2025-10-16 05:07:42 - _SERVER: {"REQUEST_METHOD":"POST","REQUEST_URI":"\/ClearMyRide_NEW\/assets\/app\/submit_vehicle.php"}
2025-10-16 05:07:42 - PHP ini: upload_max_filesize=32M, post_max_size=8M, file_uploads=1
2025-10-16 05:07:42 - Inserted vehicle_requests id=19
2025-10-16 05:07:42 - FILES vehicleFiles present: {"count":1,"errors":[4]}
2025-10-16 05:07:42 - Upload base path: /Applications/MAMP/htdocs/ClearMyRide_NEW/assets/app/../../uploads/vehicle/19/
2025-10-16 05:07:42 - Created upload dir /Applications/MAMP/htdocs/ClearMyRide_NEW/assets/app/../../uploads/vehicle/19/
2025-10-16 05:07:42 - Processing file index 0 name= error=4
2025-10-16 05:07:42 - Skipping file () - php upload error: UPLOAD_ERR_NO_FILE
2025-10-16 05:07:42 - Transaction committed for vehicle_requests id=19
2025-10-16 05:07:50 - send_mail success to divineojo12345@gmail.com subject=New ClearMyRide VEHICLE request — Gannon Hunter
2025-10-16 05:07:59 - send_mail success to divineojo12345@gmail.com subject=Welcome to ClearMyRide — You’re Early to the Future of Tag Renewals
2025-10-16 05:07:59 - Admin email sent? yes
2025-10-16 05:07:59 - Client email sent? yes
2025-10-16 05:15:59 - === submit_vehicle.php called ===
2025-10-16 05:15:59 - _SERVER: {"REQUEST_METHOD":"POST","REQUEST_URI":"\/ClearMyRide_NEW\/assets\/app\/submit_vehicle.php"}
2025-10-16 05:15:59 - PHP ini: upload_max_filesize=32M, post_max_size=8M, file_uploads=1
2025-10-16 05:15:59 - Inserted vehicle_requests id=20
2025-10-16 05:15:59 - FILES vehicleFiles present: {"count":1,"errors":[4]}
2025-10-16 05:15:59 - Upload base path: /Applications/MAMP/htdocs/ClearMyRide_NEW/assets/app/../../uploads/vehicle/20/
2025-10-16 05:15:59 - Created upload dir /Applications/MAMP/htdocs/ClearMyRide_NEW/assets/app/../../uploads/vehicle/20/
2025-10-16 05:15:59 - Processing file index 0 name= error=4
2025-10-16 05:15:59 - Skipping file () - php upload error: UPLOAD_ERR_NO_FILE
2025-10-16 05:15:59 - Transaction committed for vehicle_requests id=20
2025-10-16 05:16:08 - send_mail success to divineojo12345@gmail.com subject=New ClearMyRide VEHICLE request — Marsden Conway
2025-10-16 05:16:14 - send_mail success to divineojo12345@gamil.com subject=Welcome to ClearMyRide — You’re Early to the Future of Tag Renewals
2025-10-16 05:16:14 - Admin email sent? yes
2025-10-16 05:16:14 - Client email sent? yes
2025-10-16 05:17:24 - === submit_license.php called ===
2025-10-16 05:17:24 - PHP ini: upload_max_filesize=32M, post_max_size=8M, file_uploads=1
2025-10-16 05:17:24 - Inserted license_requests id=9
2025-10-16 05:17:24 - FILES licenseFiles present: {"count":1,"errors":[4]}
2025-10-16 05:17:24 - Upload base path: /Applications/MAMP/htdocs/ClearMyRide_NEW/assets/app/../../uploads/license/9/
2025-10-16 05:17:24 - Created upload dir /Applications/MAMP/htdocs/ClearMyRide_NEW/assets/app/../../uploads/license/9/
2025-10-16 05:17:24 - Processing file index 0 name= error=4
2025-10-16 05:17:24 - Skipping file () - php upload error: UPLOAD_ERR_NO_FILE
2025-10-16 05:17:24 - Transaction committed for license_requests id=9
2025-10-16 05:17:30 - send_mail success to divineojo12345@gmail.com subject=New ClearMyRide LICENSE request — divine isaac-ojo
2025-10-16 05:17:38 - send_mail success to divineojo12345@gmail.com subject=Welcome to ClearMyRide — You’re Early to the Future of License Renewals
2025-10-16 05:17:38 - Admin email sent? yes
2025-10-16 05:17:38 - Client email sent? yes
2025-10-16 05:18:23 - === submit_vehicle.php called ===
2025-10-16 05:18:23 - _SERVER: {"REQUEST_METHOD":"POST","REQUEST_URI":"\/ClearMyRide_NEW\/assets\/app\/submit_vehicle.php"}
2025-10-16 05:18:23 - PHP ini: upload_max_filesize=32M, post_max_size=8M, file_uploads=1
2025-10-16 05:18:23 - Inserted vehicle_requests id=21
2025-10-16 05:18:23 - FILES vehicleFiles present: {"count":1,"errors":[4]}
2025-10-16 05:18:23 - Upload base path: /Applications/MAMP/htdocs/ClearMyRide_NEW/assets/app/../../uploads/vehicle/21/
2025-10-16 05:18:23 - Created upload dir /Applications/MAMP/htdocs/ClearMyRide_NEW/assets/app/../../uploads/vehicle/21/
2025-10-16 05:18:23 - Processing file index 0 name= error=4
2025-10-16 05:18:23 - Skipping file () - php upload error: UPLOAD_ERR_NO_FILE
2025-10-16 05:18:23 - Transaction committed for vehicle_requests id=21
2025-10-16 05:18:29 - send_mail success to divineojo12345@gmail.com subject=New ClearMyRide VEHICLE request — divine isaac-ojo
2025-10-16 05:18:37 - send_mail success to divineojo12345@gmail.com subject=Welcome to ClearMyRide — You’re Early to the Future of Tag Renewals
2025-10-16 05:18:37 - Admin email sent? yes
2025-10-16 05:18:37 - Client email sent? yes
2026-02-08 16:41:37 - === submit_vehicle.php called ===
2026-02-08 16:41:37 - _SERVER: {"REQUEST_METHOD":"POST","REQUEST_URI":"\/ClearMyRide_NEW\/assets\/app\/submit_vehicle.php"}
2026-02-08 16:41:37 - PHP ini: upload_max_filesize=32M, post_max_size=8M, file_uploads=1
2026-02-08 16:41:37 - Inserted vehicle_requests id=1
2026-02-08 16:41:37 - No vehicleFiles[] provided in _FILES
2026-02-08 16:41:37 - Transaction committed for vehicle_requests id=1
2026-02-08 16:42:52 - send_mail FAILED to support@clearmyride.com: SMTP Error: Could not connect to SMTP host. Failed to connect to server SMTP server error: Failed to connect to server SMTP code: 60 Additional SMTP info: Operation timed out | Exception: SMTP Error: Could not connect to SMTP host. Failed to connect to server
2026-02-08 16:44:07 - send_mail FAILED to nuha@mailinator.com: SMTP Error: Could not connect to SMTP host. Failed to connect to server SMTP server error: Failed to connect to server SMTP code: 60 Additional SMTP info: Operation timed out | Exception: SMTP Error: Could not connect to SMTP host. Failed to connect to server
2026-02-08 16:44:07 - Admin email sent? no
2026-02-08 16:44:07 - Client email sent? no
2026-02-08 17:01:32 - === submit_vehicle.php called ===
2026-02-08 17:01:32 - _SERVER: {"REQUEST_METHOD":"POST","REQUEST_URI":"\/ClearMyRide_NEW\/assets\/app\/submit_vehicle.php"}
2026-02-08 17:01:32 - PHP ini: upload_max_filesize=32M, post_max_size=8M, file_uploads=1
2026-02-08 17:01:32 - Inserted vehicle_requests id=2
2026-02-08 17:01:32 - No vehicleFiles[] provided in _FILES
2026-02-08 17:01:32 - Transaction committed for vehicle_requests id=2
2026-02-08 17:02:47 - send_mail FAILED to support@clearmyride.com: SMTP Error: Could not connect to SMTP host. Failed to connect to server SMTP server error: Failed to connect to server SMTP code: 60 Additional SMTP info: Operation timed out | Exception: SMTP Error: Could not connect to SMTP host. Failed to connect to server
2026-02-08 17:04:02 - send_mail FAILED to xojamav@mailinator.com: SMTP Error: Could not connect to SMTP host. Failed to connect to server SMTP server error: Failed to connect to server SMTP code: 60 Additional SMTP info: Operation timed out | Exception: SMTP Error: Could not connect to SMTP host. Failed to connect to server
2026-02-08 17:04:02 - Admin email sent? no
2026-02-08 17:04:02 - Client email sent? no
2026-02-08 17:17:49 - === submit_vehicle.php called ===
2026-02-08 17:17:49 - _SERVER: {"REQUEST_METHOD":"POST","REQUEST_URI":"\/ClearMyRide_NEW\/assets\/app\/submit_vehicle.php"}
2026-02-08 17:17:49 - PHP ini: upload_max_filesize=32M, post_max_size=8M, file_uploads=1
2026-02-08 17:17:49 - Inserted vehicle_requests id=3
2026-02-08 17:17:49 - No vehicleFiles[] provided in _FILES
2026-02-08 17:17:49 - Transaction committed for vehicle_requests id=3
2026-02-08 17:19:05 - send_mail FAILED to support@clearmyride.com: SMTP Error: Could not connect to SMTP host. Failed to connect to server SMTP server error: Failed to connect to server SMTP code: 60 Additional SMTP info: Operation timed out | Exception: SMTP Error: Could not connect to SMTP host. Failed to connect to server
2026-02-08 17:20:20 - send_mail FAILED to rewuce@mailinator.com: SMTP Error: Could not connect to SMTP host. Failed to connect to server SMTP server error: Failed to connect to server SMTP code: 60 Additional SMTP info: Operation timed out | Exception: SMTP Error: Could not connect to SMTP host. Failed to connect to server
2026-02-08 17:20:20 - Admin email sent? no
2026-02-08 17:20:20 - Client email sent? no
2026-02-08 17:25:15 - === submit_license.php called ===
2026-02-08 17:25:15 - PHP ini: upload_max_filesize=32M, post_max_size=8M, file_uploads=1
2026-02-08 17:31:39 - === submit_vehicle.php called ===
2026-02-08 17:31:39 - _SERVER: {"REQUEST_METHOD":"POST","REQUEST_URI":"\/ClearMyRide_NEW\/assets\/app\/submit_vehicle.php"}
2026-02-08 17:31:39 - PHP ini: upload_max_filesize=32M, post_max_size=8M, file_uploads=1
2026-02-08 17:31:39 - Inserted vehicle_requests id=4
2026-02-08 17:31:39 - FILES vehicleFiles present: {"count":1,"errors":[4]}
2026-02-08 17:31:39 - Upload base path: /Applications/MAMP/htdocs/ClearMyRide_NEW/assets/app/../../uploads/vehicle/4/
2026-02-08 17:31:39 - Processing file index 0 name= error=4
2026-02-08 17:31:39 - Skipping file () - php upload error: UPLOAD_ERR_NO_FILE
2026-02-08 17:31:39 - Transaction committed for vehicle_requests id=4
2026-02-08 17:32:54 - send_mail FAILED to divineojo12345@gmail.com: SMTP Error: Could not connect to SMTP host. Failed to connect to server SMTP server error: Failed to connect to server SMTP code: 60 Additional SMTP info: Operation timed out | Exception: SMTP Error: Could not connect to SMTP host. Failed to connect to server
2026-02-08 17:34:09 - send_mail FAILED to wosonygo@mailinator.com: SMTP Error: Could not connect to SMTP host. Failed to connect to server SMTP server error: Failed to connect to server SMTP code: 60 Additional SMTP info: Operation timed out | Exception: SMTP Error: Could not connect to SMTP host. Failed to connect to server
2026-02-08 17:34:09 - Admin email sent? no
2026-02-08 17:34:09 - Client email sent? no
2026-02-08 17:34:09 - === submit_vehicle.php called ===
2026-02-08 17:34:09 - _SERVER: {"REQUEST_METHOD":"POST","REQUEST_URI":"\/ClearMyRide_NEW\/assets\/app\/submit_vehicle.php"}
2026-02-08 17:34:09 - PHP ini: upload_max_filesize=32M, post_max_size=8M, file_uploads=1
2026-02-08 17:34:09 - Inserted vehicle_requests id=5
2026-02-08 17:34:09 - FILES vehicleFiles present: {"count":1,"errors":[4]}
2026-02-08 17:34:09 - Upload base path: /Applications/MAMP/htdocs/ClearMyRide_NEW/assets/app/../../uploads/vehicle/5/
2026-02-08 17:34:09 - Processing file index 0 name= error=4
2026-02-08 17:34:09 - Skipping file () - php upload error: UPLOAD_ERR_NO_FILE
2026-02-08 17:34:09 - Transaction committed for vehicle_requests id=5
2026-02-08 17:35:24 - send_mail FAILED to divineojo12345@gmail.com: SMTP Error: Could not connect to SMTP host. Failed to connect to server SMTP server error: Failed to connect to server SMTP code: 60 Additional SMTP info: Operation timed out | Exception: SMTP Error: Could not connect to SMTP host. Failed to connect to server
2026-02-08 17:36:39 - send_mail FAILED to wosonygo@mailinator.com: SMTP Error: Could not connect to SMTP host. Failed to connect to server SMTP server error: Failed to connect to server SMTP code: 60 Additional SMTP info: Operation timed out | Exception: SMTP Error: Could not connect to SMTP host. Failed to connect to server
2026-02-08 17:36:39 - Admin email sent? no
2026-02-08 17:36:39 - Client email sent? no
2026-02-08 17:47:20 - === submit_vehicle.php called ===
2026-02-08 17:47:20 - _SERVER: {"REQUEST_METHOD":"POST","REQUEST_URI":"\/ClearMyRide_NEW\/assets\/app\/submit_vehicle.php"}
2026-02-08 17:47:20 - PHP ini: upload_max_filesize=32M, post_max_size=8M, file_uploads=1
2026-02-08 17:47:20 - Inserted vehicle_requests id=6
2026-02-08 17:47:20 - No vehicleFiles[] provided in _FILES
2026-02-08 17:47:20 - Transaction committed for vehicle_requests id=6
2026-02-08 17:48:35 - send_mail FAILED to divineojo12345@gmail.com: SMTP Error: Could not connect to SMTP host. Failed to connect to server SMTP server error: Failed to connect to server SMTP code: 60 Additional SMTP info: Operation timed out | Exception: SMTP Error: Could not connect to SMTP host. Failed to connect to server
2026-02-08 17:49:50 - send_mail FAILED to tasuja@mailinator.com: SMTP Error: Could not connect to SMTP host. Failed to connect to server SMTP server error: Failed to connect to server SMTP code: 60 Additional SMTP info: Operation timed out | Exception: SMTP Error: Could not connect to SMTP host. Failed to connect to server
2026-02-08 17:49:50 - Admin email sent? no
2026-02-08 17:49:50 - Client email sent? no
2026-02-08 18:31:34 - === submit_vehicle.php called ===
2026-02-08 18:31:34 - _SERVER: {"REQUEST_METHOD":"POST","REQUEST_URI":"\/ClearMyRide_NEW\/assets\/app\/submit_vehicle.php"}
2026-02-08 18:31:34 - PHP ini: upload_max_filesize=32M, post_max_size=8M, file_uploads=1
2026-02-08 18:31:34 - Inserted vehicle_requests id=7
2026-02-08 18:31:34 - No vehicleFiles[] provided in _FILES
2026-02-08 18:31:34 - Transaction committed for vehicle_requests id=7
2026-02-08 18:32:49 - send_mail FAILED to divineojo12345@gmail.com: SMTP Error: Could not connect to SMTP host. Failed to connect to server SMTP server error: Failed to connect to server SMTP code: 60 Additional SMTP info: Operation timed out | Exception: SMTP Error: Could not connect to SMTP host. Failed to connect to server
2026-02-08 18:34:04 - send_mail FAILED to mefyz@mailinator.com: SMTP Error: Could not connect to SMTP host. Failed to connect to server SMTP server error: Failed to connect to server SMTP code: 60 Additional SMTP info: Operation timed out | Exception: SMTP Error: Could not connect to SMTP host. Failed to connect to server
2026-02-08 18:34:04 - Admin email sent? no
2026-02-08 18:34:04 - Client email sent? no
2026-02-08 18:38:47 - === submit_license.php called ===
2026-02-08 18:38:47 - PHP ini: upload_max_filesize=32M, post_max_size=8M, file_uploads=1
2026-02-08 18:38:47 - Inserted license_requests id=10
2026-02-08 18:38:47 - No licenseFiles[] provided in _FILES
2026-02-08 18:38:47 - Transaction committed for license_requests id=10
2026-02-08 18:40:02 - send_mail FAILED to divineojo12345@gmail.com: SMTP Error: Could not connect to SMTP host. Failed to connect to server SMTP server error: Failed to connect to server SMTP code: 60 Additional SMTP info: Operation timed out | Exception: SMTP Error: Could not connect to SMTP host. Failed to connect to server
2026-02-08 18:41:18 - send_mail FAILED to mexe@mailinator.com: SMTP Error: Could not connect to SMTP host. Failed to connect to server SMTP server error: Failed to connect to server SMTP code: 60 Additional SMTP info: Operation timed out | Exception: SMTP Error: Could not connect to SMTP host. Failed to connect to server
2026-02-08 18:41:18 - Admin email sent? no
2026-02-08 18:41:18 - Client email sent? no
2026-02-08 19:25:01 - === submit_vehicle.php called ===
2026-02-08 19:25:01 - _SERVER: {"REQUEST_METHOD":"POST","REQUEST_URI":"\/ClearMyRide_NEW\/assets\/app\/submit_vehicle.php"}
2026-02-08 19:25:01 - PHP ini: upload_max_filesize=32M, post_max_size=8M, file_uploads=1
2026-02-08 19:25:01 - Inserted vehicle_requests id=9
2026-02-08 19:25:01 - No vehicleFiles[] provided in _FILES
2026-02-08 19:25:01 - Transaction committed for vehicle_requests id=9
2026-02-08 19:26:16 - send_mail FAILED to divineojo12345@gmail.com: SMTP Error: Could not connect to SMTP host. Failed to connect to server SMTP server error: Failed to connect to server SMTP code: 60 Additional SMTP info: Operation timed out | Exception: SMTP Error: Could not connect to SMTP host. Failed to connect to server
2026-02-08 19:27:31 - send_mail FAILED to zuwumytyl@mailinator.com: SMTP Error: Could not connect to SMTP host. Failed to connect to server SMTP server error: Failed to connect to server SMTP code: 60 Additional SMTP info: Operation timed out | Exception: SMTP Error: Could not connect to SMTP host. Failed to connect to server
2026-02-08 19:27:31 - Admin email sent? no
2026-02-08 19:27:31 - Client email sent? no
2026-02-08 19:50:25 - === submit_vehicle.php called ===
2026-02-08 19:50:25 - _SERVER: {"REQUEST_METHOD":"POST","REQUEST_URI":"\/ClearMyRide_NEW\/assets\/app\/submit_vehicle.php"}
2026-02-08 19:50:25 - PHP ini: upload_max_filesize=32M, post_max_size=8M, file_uploads=1
2026-02-08 19:50:25 - Inserted vehicle_requests id=10
2026-02-08 19:50:25 - No vehicleFiles[] provided in _FILES
2026-02-08 19:50:25 - Transaction committed for vehicle_requests id=10
2026-02-08 19:51:40 - send_mail FAILED to divineojo12345@gmail.com: SMTP Error: Could not connect to SMTP host. Failed to connect to server SMTP server error: Failed to connect to server SMTP code: 60 Additional SMTP info: Operation timed out | Exception: SMTP Error: Could not connect to SMTP host. Failed to connect to server
2026-02-08 19:52:55 - send_mail FAILED to cewipe@mailinator.com: SMTP Error: Could not connect to SMTP host. Failed to connect to server SMTP server error: Failed to connect to server SMTP code: 60 Additional SMTP info: Operation timed out | Exception: SMTP Error: Could not connect to SMTP host. Failed to connect to server
2026-02-08 19:52:55 - Admin email sent? no
2026-02-08 19:52:55 - Client email sent? no
2026-02-09 06:03:48 - === submit_vehicle.php called ===
2026-02-09 06:03:48 - _SERVER: {"REQUEST_METHOD":"POST","REQUEST_URI":"\/ClearMyRide_NEW\/assets\/app\/submit_vehicle.php"}
2026-02-09 06:03:48 - PHP ini: upload_max_filesize=32M, post_max_size=8M, file_uploads=1
2026-02-09 06:03:48 - Inserted vehicle_requests id=11
2026-02-09 06:03:48 - FILES vehicleFiles present: {"count":1,"errors":[4]}
2026-02-09 06:03:48 - Upload base path: /Applications/MAMP/htdocs/ClearMyRide_NEW/assets/app/../../uploads/vehicle/11/
2026-02-09 06:03:48 - Created upload dir /Applications/MAMP/htdocs/ClearMyRide_NEW/assets/app/../../uploads/vehicle/11/
2026-02-09 06:03:48 - Processing file index 0 name= error=4
2026-02-09 06:03:48 - Skipping file () - php upload error: UPLOAD_ERR_NO_FILE
2026-02-09 06:03:48 - Transaction committed for vehicle_requests id=11
2026-02-09 06:03:52 - send_mail success to divineojo12345@gmail.com subject=New ClearMyRide VEHICLE request — Dylan Weaver
2026-02-09 06:03:55 - send_mail success to jadyru@mailinator.com subject=Welcome to ClearMyRide — You're Early to the Future of Tag Renewals
2026-02-09 06:03:55 - Admin email sent? yes
2026-02-09 06:03:55 - Client email sent? yes
2026-02-09 06:15:23 - === submit_license.php called ===
2026-02-09 06:15:23 - PHP ini: upload_max_filesize=32M, post_max_size=8M, file_uploads=1
2026-02-09 06:15:23 - Inserted license_requests id=11
2026-02-09 06:15:23 - FILES licenseFiles present: {"count":1,"errors":[4]}
2026-02-09 06:15:23 - Upload base path: /Applications/MAMP/htdocs/ClearMyRide_NEW/assets/app/../../uploads/license/11/
2026-02-09 06:15:23 - Created upload dir /Applications/MAMP/htdocs/ClearMyRide_NEW/assets/app/../../uploads/license/11/
2026-02-09 06:15:23 - Processing file index 0 name= error=4
2026-02-09 06:15:23 - Skipping file () - php upload error: UPLOAD_ERR_NO_FILE
2026-02-09 06:15:23 - Transaction committed for license_requests id=11
2026-02-09 06:15:29 - send_mail success to divineojo12345@gmail.com subject=New ClearMyRide LICENSE request — Timothy Roth
2026-02-09 06:15:34 - send_mail success to nymikixewy@mailinator.com subject=Welcome to ClearMyRide — You're Early to the Future of License Renewals
2026-02-09 06:15:34 - Admin email sent? yes
2026-02-09 06:15:34 - Client email sent? yes
2026-02-09 06:18:30 - === submit_vehicle.php called ===
2026-02-09 06:18:30 - _SERVER: {"REQUEST_METHOD":"POST","REQUEST_URI":"\/ClearMyRide_NEW\/assets\/app\/submit_vehicle.php"}
2026-02-09 06:18:30 - PHP ini: upload_max_filesize=32M, post_max_size=8M, file_uploads=1
2026-02-09 06:18:30 - Inserted vehicle_requests id=13
2026-02-09 06:18:30 - FILES vehicleFiles present: {"count":1,"errors":[4]}
2026-02-09 06:18:30 - Upload base path: /Applications/MAMP/htdocs/ClearMyRide_NEW/assets/app/../../uploads/vehicle/13/
2026-02-09 06:18:30 - Processing file index 0 name= error=4
2026-02-09 06:18:30 - Skipping file () - php upload error: UPLOAD_ERR_NO_FILE
2026-02-09 06:18:30 - Transaction committed for vehicle_requests id=13
2026-02-09 06:18:34 - send_mail success to divineojo12345@gmail.com subject=New ClearMyRide VEHICLE request — Shelley Clay
2026-02-09 06:18:38 - send_mail success to wuwefuzuf@mailinator.com subject=Welcome to ClearMyRide — You're Early to the Future of Tag Renewals
2026-02-09 06:18:38 - Admin email sent? yes
2026-02-09 06:18:38 - Client email sent? yes
2026-02-09 06:26:44 - === submit_license.php called ===
2026-02-09 06:26:44 - PHP ini: upload_max_filesize=32M, post_max_size=8M, file_uploads=1
2026-02-09 06:26:44 - Inserted license_requests id=12
2026-02-09 06:26:44 - FILES licenseFiles present: {"count":1,"errors":[4]}
2026-02-09 06:26:44 - Upload base path: /Applications/MAMP/htdocs/ClearMyRide_NEW/assets/app/../../uploads/license/12/
2026-02-09 06:26:44 - Created upload dir /Applications/MAMP/htdocs/ClearMyRide_NEW/assets/app/../../uploads/license/12/
2026-02-09 06:26:44 - Processing file index 0 name= error=4
2026-02-09 06:26:44 - Skipping file () - php upload error: UPLOAD_ERR_NO_FILE
2026-02-09 06:26:44 - Transaction committed for license_requests id=12
2026-02-09 06:26:48 - send_mail success to divineojo12345@gmail.com subject=New ClearMyRide LICENSE request — Emerson Howard
2026-02-09 06:26:51 - send_mail success to cimusesa@mailinator.com subject=Welcome to ClearMyRide — You're Early to the Future of License Renewals
2026-02-09 06:26:51 - Admin email sent? yes
2026-02-09 06:26:51 - Client email sent? yes
2026-02-11 10:54:01 - === submit_vehicle.php called ===
2026-02-11 10:54:01 - _SERVER: {"REQUEST_METHOD":"POST","REQUEST_URI":"\/ClearMyRide_NEW\/assets\/app\/submit_vehicle.php"}
2026-02-11 10:54:01 - PHP ini: upload_max_filesize=32M, post_max_size=8M, file_uploads=1
2026-02-11 10:54:01 - Inserted vehicle_requests id=15
2026-02-11 10:54:01 - FILES vehicleFiles present: {"count":1,"errors":[4]}
2026-02-11 10:54:01 - Upload base path: /Applications/MAMP/htdocs/ClearMyRide_NEW/assets/app/../../uploads/vehicle/15/
2026-02-11 10:54:01 - Processing file index 0 name= error=4
2026-02-11 10:54:01 - Skipping file () - php upload error: UPLOAD_ERR_NO_FILE
2026-02-11 10:54:01 - Transaction committed for vehicle_requests id=15
2026-02-11 10:55:16 - send_mail FAILED to divineojo12345@gmail.com: SMTP Error: Could not connect to SMTP host. Failed to connect to server SMTP server error: Failed to connect to server SMTP code: 60 Additional SMTP info: Operation timed out | Exception: SMTP Error: Could not connect to SMTP host. Failed to connect to server
2026-02-11 10:56:31 - send_mail FAILED to gusuke@mailinator.com: SMTP Error: Could not connect to SMTP host. Failed to connect to server SMTP server error: Failed to connect to server SMTP code: 60 Additional SMTP info: Operation timed out | Exception: SMTP Error: Could not connect to SMTP host. Failed to connect to server
2026-02-11 10:56:31 - Admin email sent? no
2026-02-11 10:56:31 - Client email sent? no
2026-02-11 10:56:31 - === submit_vehicle.php called ===
2026-02-11 10:56:31 - _SERVER: {"REQUEST_METHOD":"POST","REQUEST_URI":"\/ClearMyRide_NEW\/assets\/app\/submit_vehicle.php"}
2026-02-11 10:56:31 - PHP ini: upload_max_filesize=32M, post_max_size=8M, file_uploads=1
2026-02-11 10:56:31 - Inserted vehicle_requests id=16
2026-02-11 10:56:31 - FILES vehicleFiles present: {"count":1,"errors":[4]}
2026-02-11 10:56:31 - Upload base path: /Applications/MAMP/htdocs/ClearMyRide_NEW/assets/app/../../uploads/vehicle/16/
2026-02-11 10:56:31 - Processing file index 0 name= error=4
2026-02-11 10:56:31 - Skipping file () - php upload error: UPLOAD_ERR_NO_FILE
2026-02-11 10:56:31 - Transaction committed for vehicle_requests id=16
2026-02-11 10:56:35 - send_mail success to divineojo12345@gmail.com subject=New ClearMyRide VEHICLE request — Janna Mcpherson
2026-02-11 10:56:38 - send_mail success to gusuke@mailinator.com subject=Welcome to ClearMyRide — You're Early to the Future of Tag Renewals
2026-02-11 10:56:38 - Admin email sent? yes
2026-02-11 10:56:38 - Client email sent? yes
2026-02-11 10:56:38 - === submit_vehicle.php called ===
2026-02-11 10:56:38 - _SERVER: {"REQUEST_METHOD":"POST","REQUEST_URI":"\/ClearMyRide_NEW\/assets\/app\/submit_vehicle.php"}
2026-02-11 10:56:38 - PHP ini: upload_max_filesize=32M, post_max_size=8M, file_uploads=1
2026-02-11 10:56:38 - Inserted vehicle_requests id=17
2026-02-11 10:56:38 - FILES vehicleFiles present: {"count":1,"errors":[4]}
2026-02-11 10:56:38 - Upload base path: /Applications/MAMP/htdocs/ClearMyRide_NEW/assets/app/../../uploads/vehicle/17/
2026-02-11 10:56:38 - Processing file index 0 name= error=4
2026-02-11 10:56:38 - Skipping file () - php upload error: UPLOAD_ERR_NO_FILE
2026-02-11 10:56:38 - Transaction committed for vehicle_requests id=17
2026-02-11 10:56:42 - send_mail success to divineojo12345@gmail.com subject=New ClearMyRide VEHICLE request — Janna Mcpherson
2026-02-11 10:56:45 - send_mail success to gusuke@mailinator.com subject=Welcome to ClearMyRide — You're Early to the Future of Tag Renewals
2026-02-11 10:56:45 - Admin email sent? yes
2026-02-11 10:56:45 - Client email sent? yes
2026-02-11 10:56:45 - === submit_vehicle.php called ===
2026-02-11 10:56:45 - _SERVER: {"REQUEST_METHOD":"POST","REQUEST_URI":"\/ClearMyRide_NEW\/assets\/app\/submit_vehicle.php"}
2026-02-11 10:56:45 - PHP ini: upload_max_filesize=32M, post_max_size=8M, file_uploads=1
2026-02-11 10:56:45 - Inserted vehicle_requests id=18
2026-02-11 10:56:45 - FILES vehicleFiles present: {"count":1,"errors":[4]}
2026-02-11 10:56:45 - Upload base path: /Applications/MAMP/htdocs/ClearMyRide_NEW/assets/app/../../uploads/vehicle/18/
2026-02-11 10:56:45 - Processing file index 0 name= error=4
2026-02-11 10:56:45 - Skipping file () - php upload error: UPLOAD_ERR_NO_FILE
2026-02-11 10:56:45 - Transaction committed for vehicle_requests id=18
2026-02-11 10:56:49 - send_mail success to divineojo12345@gmail.com subject=New ClearMyRide VEHICLE request — Janna Mcpherson
2026-02-11 10:56:53 - send_mail success to gusuke@mailinator.com subject=Welcome to ClearMyRide — You're Early to the Future of Tag Renewals
2026-02-11 10:56:53 - Admin email sent? yes
2026-02-11 10:56:53 - Client email sent? yes
2026-02-11 10:57:01 - === submit_vehicle.php called ===
2026-02-11 10:57:01 - _SERVER: {"REQUEST_METHOD":"POST","REQUEST_URI":"\/ClearMyRide_NEW\/assets\/app\/submit_vehicle.php"}
2026-02-11 10:57:01 - PHP ini: upload_max_filesize=32M, post_max_size=8M, file_uploads=1
2026-02-11 10:57:01 - Inserted vehicle_requests id=19
2026-02-11 10:57:01 - FILES vehicleFiles present: {"count":1,"errors":[4]}
2026-02-11 10:57:01 - Upload base path: /Applications/MAMP/htdocs/ClearMyRide_NEW/assets/app/../../uploads/vehicle/19/
2026-02-11 10:57:01 - Processing file index 0 name= error=4
2026-02-11 10:57:01 - Skipping file () - php upload error: UPLOAD_ERR_NO_FILE
2026-02-11 10:57:01 - Transaction committed for vehicle_requests id=19
2026-02-11 10:57:04 - send_mail success to divineojo12345@gmail.com subject=New ClearMyRide VEHICLE request — Janna Mcpherson
2026-02-11 10:57:08 - send_mail success to gusuke@mailinator.com subject=Welcome to ClearMyRide — You're Early to the Future of Tag Renewals
2026-02-11 10:57:08 - Admin email sent? yes
2026-02-11 10:57:08 - Client email sent? yes
2026-02-11 11:52:54 - === submit_vehicle.php called ===
2026-02-11 11:52:54 - _SERVER: {"REQUEST_METHOD":"POST","REQUEST_URI":"\/ClearMyRide_NEW\/assets\/app\/submit_vehicle.php"}
2026-02-11 11:52:54 - PHP ini: upload_max_filesize=32M, post_max_size=8M, file_uploads=1
2026-02-11 11:52:54 - Inserted vehicle_requests id=20
2026-02-11 11:52:54 - FILES vehicleFiles present: {"count":1,"errors":[4]}
2026-02-11 11:52:54 - Upload base path: /Applications/MAMP/htdocs/ClearMyRide_NEW/assets/app/../../uploads/vehicle/20/
2026-02-11 11:52:54 - Processing file index 0 name= error=4
2026-02-11 11:52:54 - Skipping file () - php upload error: UPLOAD_ERR_NO_FILE
2026-02-11 11:52:54 - Transaction committed for vehicle_requests id=20
2026-02-11 11:52:57 - send_mail success to divineojo12345@gmail.com subject=New ClearMyRide VEHICLE request — Gage Hart
2026-02-11 11:53:00 - send_mail success to selekem@mailinator.com subject=Welcome to ClearMyRide — You're Early to the Future of Tag Renewals
2026-02-11 11:53:00 - Admin email sent? yes
2026-02-11 11:53:00 - Client email sent? yes
2026-02-11 17:55:07 - === submit_license.php called ===
2026-02-11 17:55:07 - PHP ini: upload_max_filesize=32M, post_max_size=8M, file_uploads=1
2026-02-11 17:55:07 - Inserted license_requests id=13
2026-02-11 17:55:07 - FILES licenseFiles present: {"count":1,"errors":[4]}
2026-02-11 17:55:07 - Upload base path: /Applications/MAMP/htdocs/ClearMyRide_NEW/assets/app/../../uploads/license/13/
2026-02-11 17:55:07 - Created upload dir /Applications/MAMP/htdocs/ClearMyRide_NEW/assets/app/../../uploads/license/13/
2026-02-11 17:55:07 - Processing file index 0 name= error=4
2026-02-11 17:55:07 - Skipping file () - php upload error: UPLOAD_ERR_NO_FILE
2026-02-11 17:55:07 - Transaction committed for license_requests id=13
2026-02-11 17:55:09 - send_mail success to divineojo12345@gmail.com subject=New ClearMyRide LICENSE request — Dustin Fleming
2026-02-11 17:55:12 - send_mail success to jacycetak@mailinator.com subject=Welcome to ClearMyRide — You're Early to the Future of License Renewals
2026-02-11 17:55:12 - Admin email sent? yes
2026-02-11 17:55:12 - Client email sent? yes
2026-02-12 10:27:51 - === submit_vehicle.php called ===
2026-02-12 10:27:51 - _SERVER: {"REQUEST_METHOD":"POST","REQUEST_URI":"\/ClearMyRide_NEW\/assets\/app\/submit_vehicle.php"}
2026-02-12 10:27:51 - Consent not given
2026-02-12 10:28:17 - === submit_vehicle.php called ===
2026-02-12 10:28:17 - _SERVER: {"REQUEST_METHOD":"POST","REQUEST_URI":"\/ClearMyRide_NEW\/assets\/app\/submit_vehicle.php"}
2026-02-12 10:28:17 - PHP ini: upload_max_filesize=32M, post_max_size=8M, file_uploads=1
2026-02-12 10:48:17 - === submit_vehicle.php called ===
2026-02-12 10:48:17 - _SERVER: {"REQUEST_METHOD":"POST","REQUEST_URI":"\/ClearMyRide_NEW\/assets\/app\/submit_vehicle.php"}
2026-02-12 10:48:17 - PHP ini: upload_max_filesize=32M, post_max_size=8M, file_uploads=1
2026-02-12 11:02:09 - === submit_license.php called ===
2026-02-12 11:02:09 - PHP ini: upload_max_filesize=32M, post_max_size=8M, file_uploads=1
2026-02-12 11:04:08 - === submit_license.php called ===
2026-02-12 11:04:08 - Inserted customer_requests id=22
2026-02-12 11:04:08 - Inserted license_requests id=14 with customer_request_id=22
2026-02-12 11:04:08 - Transaction committed.
2026-02-12 11:16:36 - === submit_license.php called ===
2026-02-12 11:16:36 - Inserted customer_requests id=23
2026-02-12 11:16:36 - Inserted license_requests id=15 with customer_request_id=23
2026-02-12 11:16:36 - Transaction committed.
2026-02-12 11:45:52 - === submit_vehicle.php called ===
2026-02-12 11:45:52 - Inserted customer_requests id=24
2026-02-12 11:45:52 - Inserted vehicle_requests id=39 with customer_request_id=24
2026-02-12 11:45:52 - Transaction committed.
2026-02-12 11:47:55 - === submit_vehicle.php called ===
2026-02-12 11:47:55 - Inserted customer_requests id=25
2026-02-12 11:47:55 - Inserted vehicle_requests id=40 with customer_request_id=25
2026-02-12 11:47:55 - Transaction committed.
2026-02-12 12:06:23 - === submit_license.php called ===
2026-02-12 12:06:23 - Inserted customer_requests id=26
2026-02-12 12:06:23 - Inserted license_requests id=16 with customer_request_id=26
2026-02-12 12:06:23 - Transaction committed.
2026-02-12 12:11:15 - === submit_vehicle.php called ===
2026-02-12 12:11:15 - Inserted customer_requests id=27
2026-02-12 12:11:15 - Inserted vehicle_requests id=41 with customer_request_id=27
2026-02-12 12:11:15 - Transaction committed.
2026-02-12 12:17:40 - === submit_license.php called ===
2026-02-12 12:17:40 - Inserted customer_requests id=28
2026-02-12 12:17:40 - Inserted license_requests id=17 with customer_request_id=28
2026-02-12 12:17:40 - Transaction committed.
2026-02-12 12:46:50 - === submit_license.php called ===
2026-02-12 12:46:50 - Inserted customer_requests id=29
2026-02-12 12:46:50 - Inserted license_requests id=18 with customer_request_id=29
2026-02-12 12:46:50 - Transaction committed.
2026-02-12 13:21:43 - === submit_vehicle.php called ===
2026-02-12 13:22:12 - === submit_vehicle.php called ===
2026-02-12 13:22:12 - Inserted customer_requests id=30
2026-02-12 13:22:12 - Inserted vehicle_requests id=42 with customer_request_id=30
2026-02-12 13:22:12 - Transaction committed.
2026-02-12 14:22:14 - === submit_license.php called ===
2026-02-12 14:22:14 - Inserted customer_requests id=31
2026-02-12 14:22:14 - Inserted license_requests id=19 with customer_request_id=31
2026-02-12 14:22:14 - Transaction committed.
2026-02-12 14:25:56 - === submit_license.php called ===
2026-02-12 14:25:56 - Inserted customer_requests id=32
2026-02-12 14:25:56 - Inserted license_requests id=20 with customer_request_id=32
2026-02-12 14:25:56 - Transaction committed.
2026-02-12 14:26:14 - === submit_license.php called ===
2026-02-12 14:26:14 - Inserted customer_requests id=33
2026-02-12 14:26:14 - Inserted license_requests id=21 with customer_request_id=33
2026-02-12 14:26:14 - Transaction committed.
2026-02-12 14:28:18 - === submit_license.php called ===
2026-02-12 14:28:18 - Inserted customer_requests id=34
2026-02-12 14:28:18 - Inserted license_requests id=22 with customer_request_id=34
2026-02-12 14:28:18 - Transaction committed.
2026-02-12 14:44:18 - === submit_license.php called ===
2026-02-12 14:44:18 - Inserted customer_requests id=35
2026-02-12 14:44:18 - Inserted license_requests id=23 with customer_request_id=35
2026-02-12 14:44:18 - Transaction committed.
2026-02-12 14:51:27 - === submit_license.php called ===
2026-02-12 14:51:27 - Inserted customer_requests id=36
2026-02-12 14:51:27 - Inserted license_requests id=24 with customer_request_id=36
2026-02-12 14:51:27 - Transaction committed.
2026-02-12 14:53:14 - === submit_license.php called ===
2026-02-12 14:53:14 - Inserted customer_requests id=37
2026-02-12 14:53:14 - Inserted license_requests id=25 with customer_request_id=37
2026-02-12 14:53:14 - Transaction committed.
2026-02-12 15:05:49 - === submit_license.php called ===
2026-02-12 15:05:49 - Inserted customer_requests id=38
2026-02-12 15:05:49 - Inserted license_requests id=26 with customer_request_id=38
2026-02-12 15:05:49 - Transaction committed.
2026-02-12 15:06:03 - === submit_license.php called ===
2026-02-12 15:06:03 - Inserted customer_requests id=39
2026-02-12 15:06:03 - Inserted license_requests id=27 with customer_request_id=39
2026-02-12 15:06:03 - Transaction committed.
2026-02-12 15:52:20 - === submit_license.php called ===
2026-02-12 15:52:20 - Inserted customer_requests id=40
2026-02-12 15:52:20 - Inserted license_requests id=28 with customer_request_id=40
2026-02-12 15:52:20 - Transaction committed.
2026-02-12 15:56:59 - === submit_license.php called ===
2026-02-12 15:56:59 - Inserted customer_requests id=41
2026-02-12 15:56:59 - Inserted license_requests id=29 with customer_request_id=41
2026-02-12 15:56:59 - Transaction committed.
2026-02-13 05:41:01 - === submit_license.php called ===
2026-02-13 05:41:01 - Inserted customer_requests id=42
2026-02-13 05:41:01 - Inserted license_requests id=30 with customer_request_id=42
2026-02-13 05:41:01 - Transaction committed.
2026-02-13 06:06:56 - === submit_license.php called ===
2026-02-13 06:06:56 - Inserted customer_requests id=43
2026-02-13 06:06:56 - Inserted license_requests id=31 with customer_request_id=43
2026-02-13 06:06:56 - Transaction committed.
2026-02-13 06:42:58 - === submit_vehicle.php called ===
2026-02-13 06:42:58 - Inserted customer_requests id=44
2026-02-13 06:42:58 - Inserted vehicle_requests id=43 with customer_request_id=44
2026-02-13 06:42:58 - Transaction committed.
2026-02-13 07:17:56 - === submit_vehicle.php called ===
2026-02-13 07:17:56 - Inserted customer_requests id=45
2026-02-13 07:17:56 - Inserted vehicle_requests id=44 with customer_request_id=45
2026-02-13 07:17:56 - Transaction committed.
2026-02-13 07:25:43 - === submit_vehicle.php called ===
2026-02-13 07:25:43 - Inserted customer_requests id=46
2026-02-13 07:25:43 - Inserted vehicle_requests id=45 with customer_request_id=46
2026-02-13 07:25:43 - Transaction committed.
2026-02-13 07:30:41 - === submit_vehicle.php called ===
2026-02-13 07:30:41 - Inserted customer_requests id=47
2026-02-13 07:30:41 - Inserted vehicle_requests id=46 with customer_request_id=47
2026-02-13 07:30:41 - Transaction committed.
2026-02-13 07:38:34 - === submit_license.php called ===
2026-02-13 07:38:34 - Inserted customer_requests id=48
2026-02-13 07:38:34 - Inserted license_requests id=32 with customer_request_id=48
2026-02-13 07:38:34 - Transaction committed.
2026-02-18 06:38:04 - === submit_vehicle.php called ===
2026-02-18 06:38:04 - Inserted customer_requests id=49
2026-02-18 06:38:04 - Inserted vehicle_requests id=47 with customer_request_id=49
2026-02-18 06:38:04 - Transaction committed.
2026-02-18 06:38:59 - === submit_vehicle.php called ===
2026-02-18 06:38:59 - Inserted customer_requests id=50
2026-02-18 06:38:59 - Inserted vehicle_requests id=48 with customer_request_id=50
2026-02-18 06:38:59 - Transaction committed.
2026-02-18 06:40:35 - === submit_vehicle.php called ===
2026-02-18 06:40:35 - Inserted customer_requests id=51
2026-02-18 06:40:35 - Inserted vehicle_requests id=49 with customer_request_id=51
2026-02-18 06:40:35 - Transaction committed.
2026-02-18 06:42:04 - === submit_vehicle.php called ===
2026-02-18 06:42:04 - Inserted customer_requests id=52
2026-02-18 06:42:04 - Inserted vehicle_requests id=50 with customer_request_id=52
2026-02-18 06:42:04 - Transaction committed.
2026-02-18 06:42:07 - Exception: SQLSTATE[42S22]: Column not found: 1054 Unknown column 'active' in 'where clause'
2026-02-18 06:45:15 - === submit_vehicle.php called ===
2026-02-18 06:45:15 - Inserted customer_requests id=53
2026-02-18 06:45:15 - Inserted vehicle_requests id=51 with customer_request_id=53
2026-02-18 06:45:15 - Transaction committed.
2026-02-18 06:45:17 - Exception: SQLSTATE[42S22]: Column not found: 1054 Unknown column 'active' in 'where clause'
2026-02-18 06:47:47 - === submit_license.php called ===
2026-02-18 06:47:47 - Inserted customer_requests id=54
2026-02-18 06:47:47 - Inserted license_requests id=33 with customer_request_id=54
2026-02-18 06:47:47 - Transaction committed.
2026-02-18 06:47:49 - Email sending failed after successful submission: SQLSTATE[42S22]: Column not found: 1054 Unknown column 'active' in 'where clause'
2026-02-18 07:09:33 - === submit_vehicle.php called ===
2026-02-18 07:09:53 - === submit_vehicle.php called ===
2026-02-18 07:09:53 - Inserted customer_requests id=55
2026-02-18 07:09:53 - Inserted vehicle_requests id=52 with customer_request_id=55
2026-02-18 07:09:53 - Transaction committed.
2026-02-18 07:09:56 - Email sending failed after successful submission: SQLSTATE[42S22]: Column not found: 1054 Unknown column 'active' in 'where clause'
2026-02-18 07:13:48 - === submit_vehicle.php called ===
2026-02-18 07:13:48 - Inserted customer_requests id=56
2026-02-18 07:13:48 - Inserted vehicle_requests id=53 with customer_request_id=56
2026-02-18 07:13:48 - Transaction committed.
2026-02-18 07:13:51 - Email sending failed after successful submission: SQLSTATE[42S22]: Column not found: 1054 Unknown column 'active' in 'where clause'
2026-02-18 07:14:13 - === submit_vehicle.php called ===
2026-02-18 07:14:13 - Inserted customer_requests id=57
2026-02-18 07:14:13 - Inserted vehicle_requests id=54 with customer_request_id=57
2026-02-18 07:14:13 - Transaction committed.
2026-02-18 07:14:16 - Email sending failed after successful submission: SQLSTATE[42S22]: Column not found: 1054 Unknown column 'active' in 'where clause'
2026-02-18 07:21:09 - === submit_license.php called ===
2026-02-18 07:21:09 - Inserted customer_requests id=58
2026-02-18 07:21:09 - Inserted license_requests id=34 with customer_request_id=58
2026-02-18 07:21:09 - Transaction committed.
2026-02-18 07:21:12 - Email sending failed after successful submission: SQLSTATE[42S22]: Column not found: 1054 Unknown column 'active' in 'where clause'
2026-02-18 07:21:24 - === submit_vehicle.php called ===
2026-02-18 07:21:43 - === submit_license.php called ===
2026-02-18 07:21:43 - Inserted customer_requests id=59
2026-02-18 07:21:43 - Inserted license_requests id=35 with customer_request_id=59
2026-02-18 07:21:43 - Transaction committed.
2026-02-18 07:21:45 - Email sending failed after successful submission: SQLSTATE[42S22]: Column not found: 1054 Unknown column 'active' in 'where clause'
2026-02-18 07:25:56 - === submit_license.php called ===
2026-02-18 07:25:56 - Inserted customer_requests id=60
2026-02-18 07:25:56 - Inserted license_requests id=36 with customer_request_id=60
2026-02-18 07:25:56 - Transaction committed.
2026-02-18 07:25:59 - Email sending failed after successful submission: SQLSTATE[42S22]: Column not found: 1054 Unknown column 'active' in 'where clause'
2026-02-18 07:26:10 - === submit_license.php called ===
2026-02-18 07:26:10 - Inserted customer_requests id=61
2026-02-18 07:26:10 - Inserted license_requests id=37 with customer_request_id=61
2026-02-18 07:26:10 - Transaction committed.
2026-02-18 07:26:13 - Email sending failed after successful submission: SQLSTATE[42S22]: Column not found: 1054 Unknown column 'active' in 'where clause'
2026-02-18 07:26:34 - === submit_vehicle.php called ===
2026-02-18 07:26:34 - Inserted customer_requests id=62
2026-02-18 07:26:34 - Inserted vehicle_requests id=55 with customer_request_id=62
2026-02-18 07:26:35 - Transaction committed.
2026-02-18 07:26:37 - Email sending failed after successful submission: SQLSTATE[42S22]: Column not found: 1054 Unknown column 'active' in 'where clause'
2026-02-18 07:59:36 - === submit_license.php called ===
2026-02-18 07:59:36 - Inserted customer_requests id=63
2026-02-18 07:59:36 - Inserted license_requests id=38 with customer_request_id=63
2026-02-18 07:59:36 - Transaction committed.
2026-02-18 08:00:08 - === submit_license.php called ===
2026-02-18 08:00:08 - Inserted customer_requests id=64
2026-02-18 08:00:08 - Inserted license_requests id=39 with customer_request_id=64
2026-02-18 08:00:08 - Transaction committed.
